
> garden-crm@1.0.0 build
> react-scripts build

Creating an optimized production build...

Treating warnings as errors because process.env.CI = true.
Most CI servers set it automatically.

Failed to compile.

[eslint] 
src\App.js
  Line 50:9:  'handleNavigateToTags' is assigned a value but never used  no-unused-vars

src\components\Dashboard.tsx
  Line 120:11:  'borderClass' is assigned a value but never used     @typescript-eslint/no-unused-vars
  Line 773:11:  'monthDigOrders' is assigned a value but never used  @typescript-eslint/no-unused-vars
  Line 775:11:  'upcomingOrders' is assigned a value but never used  @typescript-eslint/no-unused-vars

src\components\TreeDatabaseMain.tsx
  Line 2:10:    'Leaf' is defined but never used                    @typescript-eslint/no-unused-vars
  Line 2:33:    'AlertCircle' is defined but never used             @typescript-eslint/no-unused-vars
  Line 2:46:    'X' is defined but never used                       @typescript-eslint/no-unused-vars
  Line 2:49:    'Info' is defined but never used                    @typescript-eslint/no-unused-vars
  Line 2:55:    'Trash2' is defined but never used                  @typescript-eslint/no-unused-vars
  Line 2:71:    'Database' is defined but never used                @typescript-eslint/no-unused-vars
  Line 2:104:   'ChevronRight' is defined but never used            @typescript-eslint/no-unused-vars
  Line 41:12:   'error' is assigned a value but never used          @typescript-eslint/no-unused-vars
  Line 49:12:   'statusRows' is assigned a value but never used     @typescript-eslint/no-unused-vars
  Line 50:12:   'loadingStatus' is assigned a value but never used  @typescript-eslint/no-unused-vars
  Line 96:11:   'handleDelete' is assigned a value but never used   @typescript-eslint/no-unused-vars
  Line 423:10:  'mapStatusLabel' is defined but never used          @typescript-eslint/no-unused-vars

src\components\ZoneDetailPage.tsx
  Line 1:1:      Unexpected Unicode BOM (Byte Order Mark)                         unicode-bom
  Line 10:5:     'Edit3' is defined but never used                                @typescript-eslint/no-unused-vars
  Line 12:5:     'ArrowRightLeft' is defined but never used                       @typescript-eslint/no-unused-vars
  Line 13:5:     'History' is defined but never used                              @typescript-eslint/no-unused-vars
  Line 24:34:    'ZoneTreeInspectionRow' is defined but never used                @typescript-eslint/no-unused-vars
  Line 27:10:    'ZoneTreeInspectionForm' is defined but never used               @typescript-eslint/no-unused-vars
  Line 29:10:    'ZoneMismatchDetailTable' is defined but never used              @typescript-eslint/no-unused-vars
  Line 30:10:    'ZoneInspectionHistory' is defined but never used                @typescript-eslint/no-unused-vars
  Line 33:32:    'formatHeightLabel' is defined but never used                    @typescript-eslint/no-unused-vars
  Line 37:10:    'ZoneReadyStockFromPlotSection' is defined but never used        @typescript-eslint/no-unused-vars
  Line 39:8:     'TagLifecycleSummaryCard' is defined but never used              @typescript-eslint/no-unused-vars
  Line 43:10:    'ZoneLocationSection' is defined but never used                  @typescript-eslint/no-unused-vars
  Line 45:8:     'ZoneTagsTab' is defined but never used                          @typescript-eslint/no-unused-vars
  Line 91:11:    'ZoneDetailPageProps' is defined but never used                  @typescript-eslint/no-unused-vars
  Line 146:12:   'plotTypesLoading' is assigned a value but never used            @typescript-eslint/no-unused-vars
  Line 147:12:   'plotTypesError' is assigned a value but never used              @typescript-eslint/no-unused-vars
  Line 155:16:   'inventoryError' is assigned a value but never used              @typescript-eslint/no-unused-vars
  Line 178:15:   'stockDiffRows' is assigned a value but never used               @typescript-eslint/no-unused-vars
  Line 179:18:   'stockDiffLoading' is assigned a value but never used            @typescript-eslint/no-unused-vars
  Line 180:16:   'stockDiffError' is assigned a value but never used              @typescript-eslint/no-unused-vars
  Line 185:32:   '_mismatchLoading' is assigned a value but never used            @typescript-eslint/no-unused-vars
  Line 185:57:   'mismatchError' is assigned a value but never used               @typescript-eslint/no-unused-vars
  Line 191:35:   'setSelectedInventoryItem' is assigned a value but never used    @typescript-eslint/no-unused-vars
  Line 198:12:   'speciesLoading' is assigned a value but never used              @typescript-eslint/no-unused-vars
  Line 199:12:   'speciesError' is assigned a value but never used                @typescript-eslint/no-unused-vars
  Line 206:12:   'savingNewPlant' is assigned a value but never used              @typescript-eslint/no-unused-vars
  Line 207:12:   'newPlantMessage' is assigned a value but never used             @typescript-eslint/no-unused-vars
  Line 213:18:   'plotInventoryLoading' is assigned a value but never used        @typescript-eslint/no-unused-vars
  Line 214:16:   'plotInventoryError' is assigned a value but never used          @typescript-eslint/no-unused-vars
  Line 217:9:    'createTagsFromInventory' is assigned a value but never used     @typescript-eslint/no-unused-vars
  Line 226:18:   'lifecycleLoading' is assigned a value but never used            @typescript-eslint/no-unused-vars
  Line 227:16:   'lifecycleError' is assigned a value but never used              @typescript-eslint/no-unused-vars
  Line 235:16:   'zoneInvError' is assigned a value but never used                @typescript-eslint/no-unused-vars
  Line 270:37:   'setSelectedInventoryForTag' is assigned a value but never used  @typescript-eslint/no-unused-vars
  Line 301:32:   'setSizeTransitionData' is assigned a value but never used       @typescript-eslint/no-unused-vars
  Line 540:11:   'handleCreatePlanting' is assigned a value but never used        @typescript-eslint/no-unused-vars
  Line 594:11:   'handleEditInventory' is assigned a value but never used         @typescript-eslint/no-unused-vars
  Line 606:11:   'handleCancelEditInventory' is assigned a value but never used   @typescript-eslint/no-unused-vars
  Line 611:11:   'handleSaveEditInventory' is assigned a value but never used     @typescript-eslint/no-unused-vars
  Line 653:11:   'handleDeleteInventory' is assigned a value but never used       @typescript-eslint/no-unused-vars
  Line 776:11:   'plannedTotal' is assigned a value but never used                @typescript-eslint/no-unused-vars
  Line 778:11:   'diffTotal' is assigned a value but never used                   @typescript-eslint/no-unused-vars
  Line 1090:47:  'sp' is assigned a value but never used                          @typescript-eslint/no-unused-vars

src\components\customers\CustomersMain.tsx
  Line 5:5:   'AlertCircle' is defined but never used       @typescript-eslint/no-unused-vars
  Line 7:5:   'ChevronRight' is defined but never used      @typescript-eslint/no-unused-vars
  Line 9:5:   'Info' is defined but never used              @typescript-eslint/no-unused-vars
  Line 12:5:  'MessageCircle' is defined but never used     @typescript-eslint/no-unused-vars
  Line 16:5:  'Filter' is defined but never used            @typescript-eslint/no-unused-vars
  Line 58:6:  'DealTimelineItem' is defined but never used  @typescript-eslint/no-unused-vars

src\components\customers\deals\DealDocumentsPanel.tsx
  Line 3:43:  'Download' is defined but never used  @typescript-eslint/no-unused-vars

src\components\deals\DealCommissionPanel.jsx
  Line 2:25:   'Users' is defined but never used             no-unused-vars
  Line 19:12:  'loading' is assigned a value but never used  no-unused-vars

src\components\deals\DealsMain.tsx
  Line 47:7:   '_toThaiBaht' is assigned a value but never used                    @typescript-eslint/no-unused-vars
  Line 487:9:  'handleCloseDealAndUpdateStock' is assigned a value but never used  @typescript-eslint/no-unused-vars
  Line 645:9:  'activeDeal' is assigned a value but never used                     @typescript-eslint/no-unused-vars

src\components\deals\EditDealModal.tsx
  Line 78:48:   'dealError' is assigned a value but never used   @typescript-eslint/no-unused-vars
  Line 101:49:  'itemsError' is assigned a value but never used  @typescript-eslint/no-unused-vars

src\components\deals\TagSelectionModal.tsx
  Line 2:37:  'Filter' is defined but never used                                                                                           @typescript-eslint/no-unused-vars
  Line 40:8:  React Hook useEffect has a missing dependency: 'fetchTags'. Either include it or remove the dependency array                 react-hooks/exhaustive-deps
  Line 72:8:  React Hook useEffect has missing dependencies: 'fetchTags' and 'isOpen'. Either include them or remove the dependency array  react-hooks/exhaustive-deps

src\components\stock\SpeciesDatabasePage.tsx
  Line 3:24:  'Edit2' is defined but never used  @typescript-eslint/no-unused-vars

src\components\stock\SpeciesStockBlock.tsx
  Line 97:11:  'isUntagged' is assigned a value but never used  @typescript-eslint/no-unused-vars

src\components\stock\StockOverviewPage.tsx
  Line 47:13:  'rows' is assigned a value but never used     @typescript-eslint/no-unused-vars
  Line 47:19:  'kpi' is assigned a value but never used      @typescript-eslint/no-unused-vars
  Line 47:24:  'loading' is assigned a value but never used  @typescript-eslint/no-unused-vars
  Line 50:33:  'allKpi' is assigned a value but never used   @typescript-eslint/no-unused-vars

src\components\tags\EditTagDialog.tsx
  Line 5:19:  'User' is defined but never used         @typescript-eslint/no-unused-vars
  Line 5:25:  'AlertCircle' is defined but never used  @typescript-eslint/no-unused-vars
  Line 5:38:  'Info' is defined but never used         @typescript-eslint/no-unused-vars
  Line 5:44:  'ArrowRight' is defined but never used   @typescript-eslint/no-unused-vars
  Line 5:56:  'FileText' is defined but never used     @typescript-eslint/no-unused-vars

src\components\tags\TagLifecycleSummaryCard.tsx
  Line 3:19:  'Sprout' is defined but never used         @typescript-eslint/no-unused-vars
  Line 3:27:  'AlertTriangle' is defined but never used  @typescript-eslint/no-unused-vars
  Line 3:42:  'CheckCircle2' is defined but never used   @typescript-eslint/no-unused-vars

src\components\tags\TagListPage.tsx
  Line 8:21:    'STATUS_BADGE_LABEL' is defined but never used         @typescript-eslint/no-unused-vars
  Line 8:41:    'STATUS_BADGE_COLOR' is defined but never used         @typescript-eslint/no-unused-vars
  Line 47:27:   'setSelectedGrade' is assigned a value but never used  @typescript-eslint/no-unused-vars
  Line 182:11:  'gradeOptions' is assigned a value but never used      @typescript-eslint/no-unused-vars

src\components\zones\CreateTagModal.tsx
  Line 3:13:  'Loader2' is defined but never used  @typescript-eslint/no-unused-vars

src\components\zones\ZoneInspectionHistory.tsx
  Line 2:26:  'AlertTriangle' is defined but never used              @typescript-eslint/no-unused-vars
  Line 2:41:  'CheckCircle2' is defined but never used               @typescript-eslint/no-unused-vars
  Line 5:7:   'mismatchLabelMap' is assigned a value but never used  @typescript-eslint/no-unused-vars
  Line 13:7:  'mismatchColorMap' is assigned a value but never used  @typescript-eslint/no-unused-vars

src\components\zones\ZoneMasterDataTab.tsx
  Line 3:29:  'Download' is defined but never used  @typescript-eslint/no-unused-vars

src\components\zones\ZoneTreeTagsTable.tsx
  Line 3:59:    'Archive' is defined but never used                @typescript-eslint/no-unused-vars
  Line 699:23:  'setPrintRows' is assigned a value but never used  @typescript-eslint/no-unused-vars
  Line 918:12:  'plotsError' is assigned a value but never used    @typescript-eslint/no-unused-vars

src\components\zones\ZonesOverviewTab.tsx
  Line 3:5:     'MapPin' is defined but never used                            @typescript-eslint/no-unused-vars
  Line 5:5:     'Search' is defined but never used                            @typescript-eslint/no-unused-vars
  Line 6:5:     'Filter' is defined but never used                            @typescript-eslint/no-unused-vars
  Line 16:5:    'Baby' is defined but never used                              @typescript-eslint/no-unused-vars
  Line 41:7:    'PLOT_TYPE_FILTERS' is assigned a value but never used        @typescript-eslint/no-unused-vars
  Line 48:7:    'MISMATCH_STATUS_OPTIONS' is assigned a value but never used  @typescript-eslint/no-unused-vars
  Line 71:7:    'getZonePlannedCount' is assigned a value but never used      @typescript-eslint/no-unused-vars
  Line 91:7:    'getTreeSummary' is assigned a value but never used           @typescript-eslint/no-unused-vars
  Line 110:49:  'saveZoneTrees' is assigned a value but never used            @typescript-eslint/no-unused-vars
  Line 115:16:  'mismatchError' is assigned a value but never used            @typescript-eslint/no-unused-vars
  Line 119:43:  'lifecycleLoading' is assigned a value but never used         @typescript-eslint/no-unused-vars
  Line 667:43:  'ageText' is assigned a value but never used                  @typescript-eslint/no-unused-vars

src\components\zones\tabs\ZoneDigPlanTab.tsx
  Line 12:10:  'toErrorMessage' is defined but never used  @typescript-eslint/no-unused-vars

src\components\zones\tabs\ZoneInspectionTabNew.tsx
  Line 5:45:   'PlotPTISRow' is defined but never used                                                                                  @typescript-eslint/no-unused-vars
  Line 59:8:   React Hook React.useEffect has a missing dependency: 'selectedPlotId'. Either include it or remove the dependency array  react-hooks/exhaustive-deps
  Line 77:13:  'role' is assigned a value but never used                                                                                @typescript-eslint/no-unused-vars

src\components\zones\tabs\ZoneMovementsTab.tsx
  Line 91:21:  'data' is assigned a value but never used  @typescript-eslint/no-unused-vars

src\components\zones\tabs\ZonePlotManagementTab.tsx
  Line 102:8:  React Hook React.useEffect has a missing dependency: 'selectedPlotId'. Either include it or remove the dependency array  react-hooks/exhaustive-deps

src\hooks\useDealPaymentSummary.ts
  Line 61:8:  React Hook useEffect has a missing dependency: 'load'. Either include it or remove the dependency array  react-hooks/exhaustive-deps

src\hooks\useDealPayments.ts
  Line 45:8:  React Hook useEffect has a missing dependency: 'load'. Either include it or remove the dependency array  react-hooks/exhaustive-deps

src\hooks\usePlantingPlotDetail.ts
  Line 48:8:  React Hook useEffect has a missing dependency: 'fetchData'. Either include it or remove the dependency array  react-hooks/exhaustive-deps

src\hooks\useZoneInventorySummary.ts
  Line 55:8:  React Hook useEffect has a missing dependency: 'load'. Either include it or remove the dependency array  react-hooks/exhaustive-deps

src\pages\CommissionCenterPage.tsx
  Line 8:7:    'mockPayoutSummary' is assigned a value but never used                                                        @typescript-eslint/no-unused-vars
  Line 15:7:   'mockPayoutRows' is assigned a value but never used                                                           @typescript-eslint/no-unused-vars
  Line 57:8:   React Hook useEffect has a missing dependency: 'fetchData'. Either include it or remove the dependency array  react-hooks/exhaustive-deps
  Line 73:19:  'unpaid' is assigned a value but never used                                                                   @typescript-eslint/no-unused-vars

src\pages\StockMainPage.tsx
  Line 63:11:  'getTabClass' is assigned a value but never used  @typescript-eslint/no-unused-vars


